Sending request to http://localhost:8005/api/ai/generate-blog...
Success!
--------------------
FOUND FALLBACK PICSUM IMAGE URL.
--------------------
![Future of AI](https://picsum.photos/1024/600?random=12)

### The Future of AI: Revolutionizing Industries and Redefining Humanity

As we step into the 21st century, Artificial Intelligence (AI) has evolved from a futuristic concept to an integral part of our daily lives. From virtual assistants like Siri and Alexa to self-driving cars and personalized medicine, AI has made tremendous progress in recent years. But what does the future hold for AI? Will it continue to enhance our lives, or will 
